______________________________
Name: CVE-2015-9251
Date: 01/18/2018
Link: https://nvd.nist.gov/vuln/detail/CVE-2015-9251
Description: jQuery before 3.0.0 is vulnerable to Cross-site Scripting (XSS) attacks when a cross-domain Ajax request is performed without the dataType option, causing text/javascript responses to be executed.
CVSS v3.0 Base Score: 6.1 MEDIUM
CVSS Vector: AV:N/AC:L/PR:N/UI:R/S:C/C:L/I:L/A:N
Attack Vector: Network
Attack Complexity: Low
Privileges Required: None
User interaction: Required
Scope: Changed
Confidentiality: Low
Integrity: Low
Availability: None
______________________________
______________________________
Name: CVE-2019-11358
Date: 04/19/2019
Link: https://nvd.nist.gov/vuln/detail/CVE-2019-11358
Description: jQuery before 3.4.0, as used in Drupal, Backdrop CMS, and other products, mishandles jQuery.extend(true, {}, ...) because of Object.prototype pollution. If an unsanitized source object contained an enumerable __proto__ property, it could extend the native Object.prototype.
CVSS v3.0 Base Score: 6.1 MEDIUM
CVSS Vector: AV:N/AC:L/PR:N/UI:R/S:C/C:L/I:L/A:N
Attack Vector: Network
Attack Complexity: Low
Privileges Required: None
User interaction: Required
Scope: Changed
Confidentiality: Low
Integrity: Low
Availability: None
______________________________
______________________________
Name: CVE-2020-11022
Date: 04/29/2020
Link: https://nvd.nist.gov/vuln/detail/CVE-2020-11022
Description: In jQuery versions greater than or equal to 1.2 and before 3.5.0, passing HTML from untrusted sources - even after sanitizing it - to one of jQuery's DOM manipulation methods (i.e. .html(), .append(), and others) may execute untrusted code. This problem is patched in jQuery 3.5.0.
CVSS v3.0 Base Score: 6.1 MEDIUM
CVSS Vector: AV:N/AC:L/PR:N/UI:R/S:C/C:L/I:L/A:N
Attack Vector: Network
Attack Complexity: Low
Privileges Required: None
User interaction: Required
Scope: Changed
Confidentiality: Low
Integrity: Low
Availability: None
______________________________
______________________________
Name: CVE-2020-11023
Date: 04/29/2020
Link: https://nvd.nist.gov/vuln/detail/CVE-2020-11023
Description: In jQuery versions greater than or equal to 1.0.3 and before 3.5.0, passing HTML containing <option> elements from untrusted sources - even after sanitizing it - to one of jQuery's DOM manipulation methods (i.e. .html(), .append(), and others) may execute untrusted code. This problem is patched in jQuery 3.5.0.
CVSS v3.0 Base Score: 6.1 MEDIUM
CVSS Vector: AV:N/AC:L/PR:N/UI:R/S:C/C:L/I:L/A:N
Attack Vector: Network
Attack Complexity: Low
Privileges Required: None
User interaction: Required
Scope: Changed
Confidentiality: Low
Integrity: Low
Availability: None
______________________________
______________________________
Name: CVE-2020-23064
Date: 06/26/2023
Link: https://nvd.nist.gov/vuln/detail/CVE-2020-23064
Description: Cross Site Scripting vulnerability in jQuery 2.2.0 through 3.x before 3.5.0 allows a remote attacker to execute arbitrary code via the <options> element.
CVSS v3.0 Base Score: 6.1 MEDIUM
CVSS Vector: AV:N/AC:L/PR:N/UI:R/S:C/C:L/I:L/A:N
Attack Vector: Network
Attack Complexity: Low
Privileges Required: None
User interaction: Required
Scope: Changed
Confidentiality: Low
Integrity: Low
Availability: None
______________________________
______________________________
Name: CVE-2021-41184
Date: 10/26/2021
Link: https://nvd.nist.gov/vuln/detail/CVE-2021-41184
Description: jQuery-UI is the official jQuery user interface library. Prior to version 1.13.0, accepting the value of the `of` option of the `.position()` util from untrusted sources may execute untrusted code. The issue is fixed in jQuery UI 1.13.0. Any string value passed to the `of` option is now treated as a CSS selector. A workaround is to not accept the value of the `of` option from untrusted sources.
CVSS v3.0 Base Score: 6.1 MEDIUM
CVSS Vector: AV:N/AC:L/PR:N/UI:R/S:C/C:L/I:L/A:N
Attack Vector: Network
Attack Complexity: Low
Privileges Required: None
User interaction: Required
Scope: Changed
Confidentiality: Low
Integrity: Low
Availability: None
______________________________
______________________________
Name: CVE-2021-41183
Date: 10/26/2021
Link: https://nvd.nist.gov/vuln/detail/CVE-2021-41183
Description: jQuery-UI is the official jQuery user interface library. Prior to version 1.13.0, accepting the value of various `*Text` options of the Datepicker widget from untrusted sources may execute untrusted code. The issue is fixed in jQuery UI 1.13.0. The values passed to various `*Text` options are now always treated as pure text, not HTML. A workaround is to not accept the value of the `*Text` options from untrusted sources.
CVSS v3.0 Base Score: 6.1 MEDIUM
CVSS Vector: AV:N/AC:L/PR:N/UI:R/S:C/C:L/I:L/A:N
Attack Vector: Network
Attack Complexity: Low
Privileges Required: None
User interaction: Required
Scope: Changed
Confidentiality: Low
Integrity: Low
Availability: None
______________________________
______________________________
Name: CVE-2021-41182
Date: 10/26/2021
Link: https://nvd.nist.gov/vuln/detail/CVE-2021-41182
Description: jQuery-UI is the official jQuery user interface library. Prior to version 1.13.0, accepting the value of the `altField` option of the Datepicker widget from untrusted sources may execute untrusted code. The issue is fixed in jQuery UI 1.13.0. Any string value passed to the `altField` option is now treated as a CSS selector. A workaround is to not accept the value of the `altField` option from untrusted sources.
CVSS v3.0 Base Score: 6.1 MEDIUM
CVSS Vector: AV:N/AC:L/PR:N/UI:R/S:C/C:L/I:L/A:N
Attack Vector: Network
Attack Complexity: Low
Privileges Required: None
User interaction: Required
Scope: Changed
Confidentiality: Low
Integrity: Low
Availability: None
______________________________
______________________________
Name: CVE-2019-8331
Date: 02/20/2019
Link: https://nvd.nist.gov/vuln/detail/CVE-2019-8331
Description: In Bootstrap before 3.4.1 and 4.3.x before 4.3.1, XSS is possible in the tooltip or popover data-template attribute.
CVSS v3.0 Base Score: 6.1 MEDIUM
CVSS Vector: AV:N/AC:L/PR:N/UI:R/S:C/C:L/I:L/A:N
Attack Vector: Network
Attack Complexity: Low
Privileges Required: None
User interaction: Required
Scope: Changed
Confidentiality: Low
Integrity: Low
Availability: None
______________________________
______________________________
Name: CVE-2018-14041
Date: 07/13/2018
Link: https://nvd.nist.gov/vuln/detail/CVE-2018-14041
Description: In Bootstrap before 4.1.2, XSS is possible in the data-target property of scrollspy.
CVSS v3.0 Base Score: 6.1 MEDIUM
CVSS Vector: AV:N/AC:L/PR:N/UI:R/S:C/C:L/I:L/A:N
Attack Vector: Network
Attack Complexity: Low
Privileges Required: None
User interaction: Required
Scope: Changed
Confidentiality: Low
Integrity: Low
Availability: None
______________________________
______________________________
Name: CVE-2018-20676
Date: 01/09/2019
Link: https://nvd.nist.gov/vuln/detail/CVE-2018-20676
Description: In Bootstrap before 3.4.0, XSS is possible in the tooltip data-viewport attribute.
CVSS v3.0 Base Score: 6.1 MEDIUM
CVSS Vector: AV:N/AC:L/PR:N/UI:R/S:C/C:L/I:L/A:N
Attack Vector: Network
Attack Complexity: Low
Privileges Required: None
User interaction: Required
Scope: Changed
Confidentiality: Low
Integrity: Low
Availability: None
______________________________
______________________________
Name: CVE-2018-14042
Date: 07/13/2018
Link: https://nvd.nist.gov/vuln/detail/CVE-2018-14042
Description: In Bootstrap before 4.1.2, XSS is possible in the data-container property of tooltip.
CVSS v3.0 Base Score: 6.1 MEDIUM
CVSS Vector: AV:N/AC:L/PR:N/UI:R/S:C/C:L/I:L/A:N
Attack Vector: Network
Attack Complexity: Low
Privileges Required: None
User interaction: Required
Scope: Changed
Confidentiality: Low
Integrity: Low
Availability: None
______________________________
______________________________
Name: CVE-2018-20677
Date: 01/09/2019
Link: https://nvd.nist.gov/vuln/detail/CVE-2018-20677
Description: In Bootstrap before 3.4.0, XSS is possible in the affix configuration target property.
CVSS v3.0 Base Score: 6.1 MEDIUM
CVSS Vector: AV:N/AC:L/PR:N/UI:R/S:C/C:L/I:L/A:N
Attack Vector: Network
Attack Complexity: Low
Privileges Required: None
User interaction: Required
Scope: Changed
Confidentiality: Low
Integrity: Low
Availability: None
______________________________
______________________________
Name: CVE-2016-10735
Date: 01/09/2019
Link: https://nvd.nist.gov/vuln/detail/CVE-2016-10735
Description: In Bootstrap 3.x before 3.4.0 and 4.x-beta before 4.0.0-beta.2, XSS is possible in the data-target attribute, a different vulnerability than CVE-2018-14041.
CVSS v3.0 Base Score: 6.1 MEDIUM
CVSS Vector: AV:N/AC:L/PR:N/UI:R/S:C/C:L/I:L/A:N
Attack Vector: Network
Attack Complexity: Low
Privileges Required: None
User interaction: Required
Scope: Changed
Confidentiality: Low
Integrity: Low
Availability: None
______________________________
______________________________
Name: CVE-2021-44228
Date: 12/10/2021
Link: https://nvd.nist.gov/vuln/detail/CVE-2021-44228
Description: Apache Log4j2 2.0-beta9 through 2.15.0 (excluding security releases 2.12.2, 2.12.3, and 2.3.1) JNDI features used in configuration, log messages, and parameters do not protect against attacker controlled LDAP and other JNDI related endpoints. An attacker who can control log messages or log message parameters can execute arbitrary code loaded from LDAP servers when message lookup substitution is enabled. From log4j 2.15.0, this behavior has been disabled by default. From version 2.16.0 (along with 2.12.2, 2.12.3, and 2.3.1), this functionality has been completely removed. Note that this vulnerability is specific to log4j-core and does not affect log4net, log4cxx, or other Apache Logging Services projects.
CVSS v3.0 Base Score: 10.0 CRITICAL
CVSS Vector: AV:N/AC:L/PR:N/UI:N/S:C/C:H/I:H/A:H
Attack Vector: Network
Attack Complexity: Low
Privileges Required: None
User interaction: None
Scope: Changed
Confidentiality: High
Integrity: High
Availability: High
______________________________
______________________________
Name: CVE-2022-26134
Date: 06/03/2022
Link: https://nvd.nist.gov/vuln/detail/CVE-2022-26134
Description: In affected versions of Confluence Server and Data Center, an OGNL injection vulnerability exists that would allow an unauthenticated attacker to execute arbitrary code on a Confluence Server or Data Center instance. The affected versions are from 1.3.0 before 7.4.17, from 7.13.0 before 7.13.7, from 7.14.0 before 7.14.3, from 7.15.0 before 7.15.2, from 7.16.0 before 7.16.4, from 7.17.0 before 7.17.4, and from 7.18.0 before 7.18.1.
CVSS v3.0 Base Score: 9.8 CRITICAL
CVSS Vector: AV:N/AC:L/PR:N/UI:N/S:U/C:H/I:H/A:H
Attack Vector: Network
Attack Complexity: Low
Privileges Required: None
User interaction: None
Scope: Unchanged
Confidentiality: High
Integrity: High
Availability: High
______________________________
______________________________
Name: CVE-2021-34473
Date: 07/14/2021
Link: https://nvd.nist.gov/vuln/detail/CVE-2021-34473
Description: Microsoft Exchange Server Remote Code Execution Vulnerability
CVSS v3.0 Base Score: 9.8 CRITICAL
CVSS Vector: AV:N/AC:L/PR:N/UI:N/S:U/C:H/I:H/A:H
Attack Vector: Network
Attack Complexity: Low
Privileges Required: None
User interaction: None
Scope: Unchanged
Confidentiality: High
Integrity: High
Availability: High
______________________________
______________________________
Name: CVE-2021-31207
Date: 05/11/2021
Link: https://nvd.nist.gov/vuln/detail/CVE-2021-31207
Description: Microsoft Exchange Server Security Feature Bypass Vulnerability
CVSS v3.0 Base Score: 7.2 HIGH
CVSS Vector: AV:N/AC:L/PR:H/UI:N/S:U/C:H/I:H/A:H
Attack Vector: Network
Attack Complexity: Low
Privileges Required: High
User interaction: None
Scope: Unchanged
Confidentiality: High
Integrity: High
Availability: High
______________________________
______________________________
Name: CVE-2021-34523
Date: 07/14/2021
Link: https://nvd.nist.gov/vuln/detail/CVE-2021-34523
Description: Microsoft Exchange Server Elevation of Privilege Vulnerability
CVSS v3.0 Base Score: 9.8 CRITICAL
CVSS Vector: AV:N/AC:L/PR:N/UI:N/S:U/C:H/I:H/A:H
Attack Vector: Network
Attack Complexity: Low
Privileges Required: None
User interaction: None
Scope: Unchanged
Confidentiality: High
Integrity: High
Availability: High
______________________________
______________________________
Name: CVE-2022-22954
Date: 04/11/2022
Link: https://nvd.nist.gov/vuln/detail/CVE-2022-22954
Description: VMware Workspace ONE Access and Identity Manager contain a remote code execution vulnerability due to server-side template injection. A malicious actor with network access can trigger a server-side template injection that may result in remote code execution.
CVSS v3.0 Base Score: 9.8 CRITICAL
CVSS Vector: AV:N/AC:L/PR:N/UI:N/S:U/C:H/I:H/A:H
Attack Vector: Network
Attack Complexity: Low
Privileges Required: None
User interaction: None
Scope: Unchanged
Confidentiality: High
Integrity: High
Availability: High
______________________________
______________________________
Name: CVE-2022-22960
Date: 04/13/2022
Link: https://nvd.nist.gov/vuln/detail/CVE-2022-22960
Description: VMware Workspace ONE Access, Identity Manager and vRealize Automation contain a privilege escalation vulnerability due to improper permissions in support scripts. A malicious actor with local access can escalate privileges to 'root'.
CVSS v3.0 Base Score: 7.8 HIGH
CVSS Vector: AV:L/AC:L/PR:L/UI:N/S:U/C:H/I:H/A:H
Attack Vector: Local
Attack Complexity: Low
Privileges Required: Low
User interaction: None
Scope: Unchanged
Confidentiality: High
Integrity: High
Availability: High
______________________________
______________________________
Name: CVE-2021-26084
Date: 08/30/2021
Link: https://nvd.nist.gov/vuln/detail/CVE-2021-26084
Description: In affected versions of Confluence Server and Data Center, an OGNL injection vulnerability exists that would allow an unauthenticated attacker to execute arbitrary code on a Confluence Server or Data Center instance. The affected versions are before version 6.13.23, from version 6.14.0 before 7.4.11, from version 7.5.0 before 7.11.6, and from version 7.12.0 before 7.12.5.
CVSS v3.0 Base Score: 9.8 CRITICAL
CVSS Vector: AV:N/AC:L/PR:N/UI:N/S:U/C:H/I:H/A:H
Attack Vector: Network
Attack Complexity: Low
Privileges Required: None
User interaction: None
Scope: Unchanged
Confidentiality: High
Integrity: High
Availability: High
______________________________
______________________________
Name: CVE-2021-40539
Date: 09/07/2021
Link: https://nvd.nist.gov/vuln/detail/CVE-2021-40539
Description: Zoho ManageEngine ADSelfService Plus version 6113 and prior is vulnerable to REST API authentication bypass with resultant remote code execution.
CVSS v3.0 Base Score: 9.8 CRITICAL
CVSS Vector: AV:N/AC:L/PR:N/UI:N/S:U/C:H/I:H/A:H
Attack Vector: Network
Attack Complexity: Low
Privileges Required: None
User interaction: None
Scope: Unchanged
Confidentiality: High
Integrity: High
Availability: High
______________________________
